
> new-folder@0.0.0 build
> vite build

[33mBoth esbuild and oxc options were set. oxc options will be used and esbuild options will be ignored.[39m The following esbuild options were set: `{ drop: [ 'console', 'debugger' ] }`
[36mvite v8.0.7 [32mbuilding client environment for production...[36m[39m
[2Ktransforming...✓ 2144 modules transformed.
[31m✗[39m Build failed in 2.18s
[31merror during build:
[31mBuild failed with 1 error:

[plugin vite:esbuild-transpile]
Error: Failed to load `transformWithEsbuild`. It is deprecated and it now requires esbuild to be installed separately. If you are a package author, please migrate to `transformWithOxc` instead.
    at transformWithEsbuild (file:///D:/New%20folder%20-%20Copy/node_modules/vite/dist/node/chunks/node.js:2677:9)
    at async PluginContextImpl.renderChunk (file:///D:/New%20folder%20-%20Copy/node_modules/vite/dist/node/chunks/node.js:2729:16)
    at async plugin (file:///D:/New%20folder%20-%20Copy/node_modules/rolldown/dist/shared/bindingify-input-options-4E8MEYg4.mjs:1277:16)
    at async plugin.<computed> (file:///D:/New%20folder%20-%20Copy/node_modules/rolldown/dist/shared/bindingify-input-options-4E8MEYg4.mjs:1636:12)
Caused by:
  Error: Cannot find package 'esbuild' imported from D:\New folder - Copy\node_modules\vite\dist\node\chunks\node.js
  Error [ERR_MODULE_NOT_FOUND]: Cannot find package 'esbuild' imported from D:\New folder - Copy\node_modules\vite\dist\node\chunks\node.js
      at Object.getPackageJSONURL (node:internal/modules/package_json_reader:301:9)
      at packageResolve (node:internal/modules/esm/resolve:768:81)
      at moduleResolve (node:internal/modules/esm/resolve:859:18)
      at defaultResolve (node:internal/modules/esm/resolve:991:11)
      at nextResolve (node:internal/modules/esm/hooks:785:28)
      at o (file:///D:/New%20folder%20-%20Copy/node_modules/@tailwindcss/node/dist/esm-cache.loader.mjs:1:69)
      at nextResolve (node:internal/modules/esm/hooks:785:28)
      at AsyncLoaderHooksOnLoaderHookWorker.resolve (node:internal/modules/esm/hooks:269:30)
      at MessagePort.handleMessage (node:internal/modules/esm/worker:251:24)
      at [nodejs.internal.kHybridDispatch] (node:internal/event_target:843:20)[31m
    at aggregateBindingErrorsIntoJsError (file:///D:/New%20folder%20-%20Copy/node_modules/rolldown/dist/shared/error-DBGOT6sf.mjs:48:18)
    at unwrapBindingResult (file:///D:/New%20folder%20-%20Copy/node_modules/rolldown/dist/shared/error-DBGOT6sf.mjs:18:128)
    at #build (file:///D:/New%20folder%20-%20Copy/node_modules/rolldown/dist/shared/rolldown-build-hRnqgxyz.mjs:3313:34)
    at async buildEnvironment (file:///D:/New%20folder%20-%20Copy/node_modules/vite/dist/node/chunks/node.js:32954:64)
    at async Object.build (file:///D:/New%20folder%20-%20Copy/node_modules/vite/dist/node/chunks/node.js:33376:19)
    at async Object.buildApp (file:///D:/New%20folder%20-%20Copy/node_modules/vite/dist/node/chunks/node.js:33373:153)
    at async CAC.<anonymous> (file:///D:/New%20folder%20-%20Copy/node_modules/vite/dist/node/cli.js:778:3) {
  errors: [Getter/Setter]
}[39m
